// Jest Snapshot v1, https://goo.gl/fbAQLP

exports[`renders correctly 1`] = `
<nav
  className="px-2 py-3 bg-neutral-900 text-white-500"
>
  <div
    className="container flex flex-wrap justify-between items-center mx-auto"
  >
    <div
      className="flex items-center nav-right"
    >
      <span
        className="text-xl font-semibold whitespace-nowrap text-white"
      >
        MovieBuzz
      </span>
    </div>
    <div
      className="flex items-center nav-left"
    >
      <button
        aria-controls="more-menu"
        aria-expanded="false"
        className="text-white p-1 ml-2 text-sm focus:outline-none focus:ring-2 hover:bg-zinc-800 focus:ring-zinc-700"
        data-collapse-toggle="drop-menu"
        type="button"
      >
        <span
          className="sr-only"
        >
          Open more menu
        </span>
        <svg
          fill="none"
          height="28"
          viewBox="0 0 28 28"
          width="28"
          xmlns="http://www.w3.org/2000/svg"
        >
          <path
            d="M13 14C13 14.5523 13.4477 15 14 15C14.5523 15 15 14.5523 15 14C15 13.4477 14.5523 13 14 13C13.4477 13 13 13.4477 13 14Z"
            fill="currentColor"
          />
          <path
            d="M13 21C13 21.5523 13.4477 22 14 22C14.5523 22 15 21.5523 15 21C15 20.4477 14.5523 20 14 20C13.4477 20 13 20.4477 13 21Z"
            fill="currentColor"
          />
          <path
            d="M13 7C13 7.55228 13.4477 8 14 8C14.5523 8 15 7.55228 15 7C15 6.44772 14.5523 6 14 6C13.4477 6 13 6.44772 13 7Z"
            fill="currentColor"
          />
          <path
            d="M13 14C13 14.5523 13.4477 15 14 15C14.5523 15 15 14.5523 15 14C15 13.4477 14.5523 13 14 13C13.4477 13 13 13.4477 13 14Z"
            stroke="currentColor"
            strokeLinecap="round"
            strokeLinejoin="round"
          />
          <path
            d="M13 21C13 21.5523 13.4477 22 14 22C14.5523 22 15 21.5523 15 21C15 20.4477 14.5523 20 14 20C13.4477 20 13 20.4477 13 21Z"
            stroke="currentColor"
            strokeLinecap="round"
            strokeLinejoin="round"
          />
          <path
            d="M13 7C13 7.55228 13.4477 8 14 8C14.5523 8 15 7.55228 15 7C15 6.44772 14.5523 6 14 6C13.4477 6 13 6.44772 13 7Z"
            stroke="currentColor"
            strokeLinecap="round"
            strokeLinejoin="round"
          />
        </svg>
      </button>
    </div>
  </div>
</nav>
`;
